This function is to divide x into y.

[examples]
>>> from div import *
>>> div(1,2)
0.5

>>> div(4,3)
1.3333333333333333

>>> div(-1,4)
-0.25

>>> div(5,0)
Traceback (most recent call last):
  File "<pyshell#3>", line 1, in <module>
    5/0
ZeroDivisionError: int division or modulo by zero
